// Jest Snapshot v1, https://goo.gl/fbAQLP

exports[`App Component should match snapshot 1`] = `
<div
  className="App"
>
  <section
    className="App-frame-frosted"
  >
    <Header />
    <main>
      <DailyWeather />
    </main>
  </section>
</div>
`;
